Archive member included to satisfy reference by file (symbol)

C:/ST/STM32CubeIDE_1.19.0/STM32CubeIDE/plugins/com.st.stm32cube.ide.mcu.externaltools.gnu-tools-for-stm32.13.3.rel1.win32_1.0.0.202411081344/tools/bin/../lib/gcc/arm-none-eabi/13.3.1/../../../../arm-none-eabi/lib/thumb/v7-m/nofp\libc_nano.a(libc_a-exit.o)
                              C:/ST/STM32CubeIDE_1.19.0/STM32CubeIDE/plugins/com.st.stm32cube.ide.mcu.externaltools.gnu-tools-for-stm32.13.3.rel1.win32_1.0.0.202411081344/tools/bin/../lib/gcc/arm-none-eabi/13.3.1/../../../../arm-none-eabi/lib/thumb/v7-m/nofp/crt0.o (exit)
C:/ST/STM32CubeIDE_1.19.0/STM32CubeIDE/plugins/com.st.stm32cube.ide.mcu.externaltools.gnu-tools-for-stm32.13.3.rel1.win32_1.0.0.202411081344/tools/bin/../lib/gcc/arm-none-eabi/13.3.1/../../../../arm-none-eabi/lib/thumb/v7-m/nofp\libc_nano.a(libc_a-findfp.o)
                              C:/ST/STM32CubeIDE_1.19.0/STM32CubeIDE/plugins/com.st.stm32cube.ide.mcu.externaltools.gnu-tools-for-stm32.13.3.rel1.win32_1.0.0.202411081344/tools/bin/../lib/gcc/arm-none-eabi/13.3.1/../../../../arm-none-eabi/lib/thumb/v7-m/nofp\libc_nano.a(libc_a-exit.o) (__stdio_exit_handler)
C:/ST/STM32CubeIDE_1.19.0/STM32CubeIDE/plugins/com.st.stm32cube.ide.mcu.externaltools.gnu-tools-for-stm32.13.3.rel1.win32_1.0.0.202411081344/tools/bin/../lib/gcc/arm-none-eabi/13.3.1/../../../../arm-none-eabi/lib/thumb/v7-m/nofp\libc_nano.a(libc_a-fwalk.o)
                              C:/ST/STM32CubeIDE_1.19.0/STM32CubeIDE/plugins/com.st.stm32cube.ide.mcu.externaltools.gnu-tools-for-stm32.13.3.rel1.win32_1.0.0.202411081344/tools/bin/../lib/gcc/arm-none-eabi/13.3.1/../../../../arm-none-eabi/lib/thumb/v7-m/nofp\libc_nano.a(libc_a-findfp.o) (_fwalk_sglue)
C:/ST/STM32CubeIDE_1.19.0/STM32CubeIDE/plugins/com.st.stm32cube.ide.mcu.externaltools.gnu-tools-for-stm32.13.3.rel1.win32_1.0.0.202411081344/tools/bin/../lib/gcc/arm-none-eabi/13.3.1/../../../../arm-none-eabi/lib/thumb/v7-m/nofp\libc_nano.a(libc_a-stdio.o)
                              C:/ST/STM32CubeIDE_1.19.0/STM32CubeIDE/plugins/com.st.stm32cube.ide.mcu.externaltools.gnu-tools-for-stm32.13.3.rel1.win32_1.0.0.202411081344/tools/bin/../lib/gcc/arm-none-eabi/13.3.1/../../../../arm-none-eabi/lib/thumb/v7-m/nofp\libc_nano.a(libc_a-findfp.o) (__sread)
C:/ST/STM32CubeIDE_1.19.0/STM32CubeIDE/plugins/com.st.stm32cube.ide.mcu.externaltools.gnu-tools-for-stm32.13.3.rel1.win32_1.0.0.202411081344/tools/bin/../lib/gcc/arm-none-eabi/13.3.1/../../../../arm-none-eabi/lib/thumb/v7-m/nofp\libc_nano.a(libc_a-memset.o)
                              C:/ST/STM32CubeIDE_1.19.0/STM32CubeIDE/plugins/com.st.stm32cube.ide.mcu.externaltools.gnu-tools-for-stm32.13.3.rel1.win32_1.0.0.202411081344/tools/bin/../lib/gcc/arm-none-eabi/13.3.1/../../../../arm-none-eabi/lib/thumb/v7-m/nofp/crt0.o (memset)
C:/ST/STM32CubeIDE_1.19.0/STM32CubeIDE/plugins/com.st.stm32cube.ide.mcu.externaltools.gnu-tools-for-stm32.13.3.rel1.win32_1.0.0.202411081344/tools/bin/../lib/gcc/arm-none-eabi/13.3.1/../../../../arm-none-eabi/lib/thumb/v7-m/nofp\libc_nano.a(libc_a-closer.o)
                              C:/ST/STM32CubeIDE_1.19.0/STM32CubeIDE/plugins/com.st.stm32cube.ide.mcu.externaltools.gnu-tools-for-stm32.13.3.rel1.win32_1.0.0.202411081344/tools/bin/../lib/gcc/arm-none-eabi/13.3.1/../../../../arm-none-eabi/lib/thumb/v7-m/nofp\libc_nano.a(libc_a-stdio.o) (_close_r)
C:/ST/STM32CubeIDE_1.19.0/STM32CubeIDE/plugins/com.st.stm32cube.ide.mcu.externaltools.gnu-tools-for-stm32.13.3.rel1.win32_1.0.0.202411081344/tools/bin/../lib/gcc/arm-none-eabi/13.3.1/../../../../arm-none-eabi/lib/thumb/v7-m/nofp\libc_nano.a(libc_a-reent.o)
                              C:/ST/STM32CubeIDE_1.19.0/STM32CubeIDE/plugins/com.st.stm32cube.ide.mcu.externaltools.gnu-tools-for-stm32.13.3.rel1.win32_1.0.0.202411081344/tools/bin/../lib/gcc/arm-none-eabi/13.3.1/../../../../arm-none-eabi/lib/thumb/v7-m/nofp\libc_nano.a(libc_a-closer.o) (errno)
C:/ST/STM32CubeIDE_1.19.0/STM32CubeIDE/plugins/com.st.stm32cube.ide.mcu.externaltools.gnu-tools-for-stm32.13.3.rel1.win32_1.0.0.202411081344/tools/bin/../lib/gcc/arm-none-eabi/13.3.1/../../../../arm-none-eabi/lib/thumb/v7-m/nofp\libc_nano.a(libc_a-impure.o)
                              C:/ST/STM32CubeIDE_1.19.0/STM32CubeIDE/plugins/com.st.stm32cube.ide.mcu.externaltools.gnu-tools-for-stm32.13.3.rel1.win32_1.0.0.202411081344/tools/bin/../lib/gcc/arm-none-eabi/13.3.1/../../../../arm-none-eabi/lib/thumb/v7-m/nofp\libc_nano.a(libc_a-reent.o) (_impure_ptr)
C:/ST/STM32CubeIDE_1.19.0/STM32CubeIDE/plugins/com.st.stm32cube.ide.mcu.externaltools.gnu-tools-for-stm32.13.3.rel1.win32_1.0.0.202411081344/tools/bin/../lib/gcc/arm-none-eabi/13.3.1/../../../../arm-none-eabi/lib/thumb/v7-m/nofp\libc_nano.a(libc_a-lseekr.o)
[...]
Memory Configuration

Name             Origin             Length             Attributes
RAM              0x20000000         0x00005000         xrw
FLASH            0x08000000         0x00010000         xr
*default*        0x00000000         0xffffffff

Linker script and memory map

LOAD C:/ST/STM32CubeIDE_1.19.0/STM32CubeIDE/plugins/com.st.stm32cube.ide.mcu.externaltools.gnu-tools-for-stm32.13.3.rel1.win32_1.0.0.202411081344/tools/bin/../lib/gcc/arm-none-eabi/13.3.1/thumb/v7-m/nofp/crti.o
LOAD C:/ST/STM32CubeIDE_1.19.0/STM32CubeIDE/plugins/com.st.stm32cube.ide.mcu.externaltools.gnu-tools-for-stm32.13.3.rel1.win32_1.0.0.202411081344/tools/bin/../lib/gcc/arm-none-eabi/13.3.1/thumb/v7-m/nofp/crtbegin.o
LOAD C:/ST/STM32CubeIDE_1.19.0/STM32CubeIDE/plugins/com.st.stm32cube.ide.mcu.externaltools.gnu-tools-for-stm32.13.3.rel1.win32_1.0.0.202411081344/tools/bin/../lib/gcc/arm-none-eabi/13.3.1/../../../../arm-none-eabi/lib/thumb/v7-m/nofp/crt0.o
LOAD ./App/Src/task_light.o
LOAD ./Core/Src/dma.o
LOAD ./Core/Src/gpio.o
LOAD ./Core/Src/main.o
LOAD ./Core/Src/stm32f1xx_hal_msp.o
LOAD ./Core/Src/stm32f1xx_it.o
LOAD ./Core/Src/syscalls.o
LOAD ./Core/Src/sysmem.o
LOAD ./Core/Src/system_stm32f1xx.o
LOAD ./Core/Src/tim.o
LOAD ./Core/Src/usart.o
LOAD ./Core/Startup/startup_stm32f103c8tx.o
LOAD ./Drivers/STM32F1xx_HAL_Driver/Src/stm32f1xx_hal.o
LOAD ./Drivers/STM32F1xx_HAL_Driver/Src/stm32f1xx_hal_cortex.o
LOAD ./Drivers/STM32F1xx_HAL_Driver/Src/stm32f1xx_hal_dma.o
LOAD ./Drivers/STM32F1xx_HAL_Driver/Src/stm32f1xx_hal_exti.o
LOAD ./Drivers/STM32F1xx_HAL_Driver/Src/stm32f1xx_hal_flash.o
LOAD ./Drivers/STM32F1xx_HAL_Driver/Src/stm32f1xx_hal_flash_ex.o
LOAD ./Drivers/STM32F1xx_HAL_Driver/Src/stm32f1xx_hal_gpio.o
LOAD ./Drivers/STM32F1xx_HAL_Driver/Src/stm32f1xx_hal_gpio_ex.o
LOAD ./Drivers/STM32F1xx_HAL_Driver/Src/stm32f1xx_hal_pwr.o
LOAD ./Drivers/STM32F1xx_HAL_Driver/Src/stm32f1xx_hal_rcc.o
LOAD ./Drivers/STM32F1xx_HAL_Driver/Src/stm32f1xx_hal_rcc_ex.o
LOAD ./Drivers/STM32F1xx_HAL_Driver/Src/stm32f1xx_hal_tim.o
LOAD ./Drivers/STM32F1xx_HAL_Driver/Src/stm32f1xx_hal_tim_ex.o
LOAD ./Drivers/STM32F1xx_HAL_Driver/Src/stm32f1xx_hal_uart.o
LOAD ./Lib/Src/command.o
LOAD ./Lib/Src/ws2812.o
START GROUP
LOAD C:/ST/STM32CubeIDE_1.19.0/STM32CubeIDE/plugins/com.st.stm32cube.ide.mcu.externaltools.gnu-tools-for-stm32.13.3.rel1.win32_1.0.0.202411081344/tools/bin/../lib/gcc/arm-none-eabi/13.3.1/../../../../arm-none-eabi/lib/thumb/v7-m/nofp\libc_nano.a
LOAD C:/ST/STM32CubeIDE_1.19.0/STM32CubeIDE/plugins/com.st.stm32cube.ide.mcu.externaltools.gnu-tools-for-stm32.13.3.rel1.win32_1.0.0.202411081344/tools/bin/../lib/gcc/arm-none-eabi/13.3.1/../../../../arm-none-eabi/lib/thumb/v7-m/nofp\libm.a
END GROUP
START GROUP
LOAD C:/ST/STM32CubeIDE_1.19.0/STM32CubeIDE/plugins/com.st.stm32cube.ide.mcu.externaltools.gnu-tools-for-stm32.13.3.rel1.win32_1.0.0.202411081344/tools/bin/../lib/gcc/arm-none-eabi/13.3.1/thumb/v7-m/nofp\libgcc.a
LOAD C:/ST/STM32CubeIDE_1.19.0/STM32CubeIDE/plugins/com.st.stm32cube.ide.mcu.externaltools.gnu-tools-for-stm32.13.3.rel1.win32_1.0.0.202411081344/tools/bin/../lib/gcc/arm-none-eabi/13.3.1/../../../../arm-none-eabi/lib/thumb/v7-m/nofp\libc_nano.a
END GROUP
START GROUP
LOAD C:/ST/STM32CubeIDE_1.19.0/STM32CubeIDE/plugins/com.st.stm32cube.ide.mcu.externaltools.gnu-tools-for-stm32.13.3.rel1.win32_1.0.0.202411081344/tools/bin/../lib/gcc/arm-none-eabi/13.3.1/thumb/v7-m/nofp\libgcc.a
LOAD C:/ST/STM32CubeIDE_1.19.0/STM32CubeIDE/plugins/com.st.stm32cube.ide.mcu.externaltools.gnu-tools-for-stm32.13.3.rel1.win32_1.0.0.202411081344/tools/bin/../lib/gcc/arm-none-eabi/13.3.1/../../../../arm-none-eabi/lib/thumb/v7-m/nofp\libc_nano.a
LOAD C:/ST/STM32CubeIDE_1.19.0/STM32CubeIDE/plugins/com.st.stm32cube.ide.mcu.externaltools.gnu-tools-for-stm32.13.3.rel1.win32_1.0.0.202411081344/tools/bin/../lib/gcc/arm-none-eabi/13.3.1/../../../../arm-none-eabi/lib/thumb/v7-m/nofp\libnosys.a
END GROUP
START GROUP
LOAD C:/ST/STM32CubeIDE_1.19.0/STM32CubeIDE/plugins/com.st.stm32cube.ide.mcu.externaltools.gnu-tools-for-stm32.13.3.rel1.win32_1.0.0.202411081344/tools/bin/../lib/gcc/arm-none-eabi/13.3.1/thumb/v7-m/nofp\libgcc.a
LOAD C:/ST/STM32CubeIDE_1.19.0/STM32CubeIDE/plugins/com.st.stm32cube.ide.mcu.externaltools.gnu-tools-for-stm32.13.3.rel1.win32_1.0.0.202411081344/tools/bin/../lib/gcc/arm-none-eabi/13.3.1/../../../../arm-none-eabi/lib/thumb/v7-m/nofp\libc_nano.a
LOAD C:/ST/STM32CubeIDE_1.19.0/STM32CubeIDE/plugins/com.st.stm32cube.ide.mcu.externaltools.gnu-tools-for-stm32.13.3.rel1.win32_1.0.0.202411081344/tools/bin/../lib/gcc/arm-none-eabi/13.3.1/../../../../arm-none-eabi/lib/thumb/v7-m/nofp\libnosys.a
END GROUP
LOAD C:/ST/STM32CubeIDE_1.19.0/STM32CubeIDE/plugins/com.st.stm32cube.ide.mcu.externaltools.gnu-tools-for-stm32.13.3.rel1.win32_1.0.0.202411081344/tools/bin/../lib/gcc/arm-none-eabi/13.3.1/thumb/v7-m/nofp/crtend.o
LOAD C:/ST/STM32CubeIDE_1.19.0/STM32CubeIDE/plugins/com.st.stm32cube.ide.mcu.externaltools.gnu-tools-for-stm32.13.3.rel1.win32_1.0.0.202411081344/tools/bin/../lib/gcc/arm-none-eabi/13.3.1/thumb/v7-m/nofp/crtn.o
                0x20005000                        _estack = (ORIGIN (RAM) + LENGTH (RAM))
                0x00000200                        _Min_Heap_Size = 0x200
                0x00000400                        _Min_Stack_Size = 0x400

.isr_vector     0x08000000      0x10c
                0x08000000                        . = ALIGN (0x4)
 *(.isr_vector)
 .isr_vector    0x08000000      0x10c ./Core/Startup/startup_stm32f103c8tx.o
                0x08000000                g_pfnVectors
                0x0800010c                        . = ALIGN (0x4)

.text           0x0800010c     0x3afc
                0x0800010c                        . = ALIGN (0x4)
 *(.text)
 .text          0x0800010c       0x40 C:/ST/STM32CubeIDE_1.19.0/STM32CubeIDE/plugins/com.st.stm32cube.ide.mcu.externaltools.gnu-tools-for-stm32.13.3.rel1.win32_1.0.0.202411081344/tools/bin/../lib/gcc/arm-none-eabi/13.3.1/thumb/v7-m/nofp/crtbegin.o
 *(.text*)
 .text.LightTaskLoop
                0x0800014c       0x98 ./App/Src/task_light.o
                0x0800014c                LightTaskLoop
 .text.MX_DMA_Init
                0x080001e4       0x3c ./Core/Src/dma.o
                0x080001e4                MX_DMA_Init
 .text.MX_GPIO_Init
                0x08000220       0x5c ./Core/Src/gpio.o
                0x08000220                MX_GPIO_Init
 .text.HAL_UARTEx_RxEventCallback
                0x0800027c       0x3c ./Core/Src/main.o
                0x0800027c                HAL_UARTEx_RxEventCallback
 .text.main     0x080002b8       0x34 ./Core/Src/main.o
                0x080002b8                main
 .text.SystemClock_Config
                0x080002ec       0x8a ./Core/Src/main.o
                0x080002ec                SystemClock_Config
 .text.Error_Handler
                0x08000376        0xc ./Core/Src/main.o
                0x08000376                Error_Handler
 *fill*         0x08000382        0x2 
 .text.HAL_MspInit
                0x08000384       0x64 ./Core/Src/stm32f1xx_hal_msp.o
                0x08000384                HAL_MspInit
 .text.NMI_Handler
                0x080003e8        0x8 ./Core/Src/stm32f1xx_it.o
                0x080003e8                NMI_Handler
 .text.HardFault_Handler
                0x080003f0        0x8 ./Core/Src/stm32f1xx_it.o
                0x080003f0                HardFault_Handler
 .text.MemManage_Handler
                0x080003f8        0x8 ./Core/Src/stm32f1xx_it.o
                0x080003f8                MemManage_Handler
 .text.BusFault_Handler
                0x08000400        0x8 ./Core/Src/stm32f1xx_it.o
                0x08000400                BusFault_Handler
 .text.UsageFault_Handler
                0x08000408        0x8 ./Core/Src/stm32f1xx_it.o
                0x08000408                UsageFault_Handler
 .text.SVC_Handler
                0x08000410        0xc ./Core/Src/stm32f1xx_it.o
                0x08000410                SVC_Handler
 .text.DebugMon_Handler
                0x0800041c        0xc ./Core/Src/stm32f1xx_it.o
                0x0800041c                DebugMon_Handler
 .text.PendSV_Handler
                0x08000428        0xc ./Core/Src/stm32f1xx_it.o
                0x08000428                PendSV_Handler
 .text.SysTick_Handler
                0x08000434        0xc ./Core/Src/stm32f1xx_it.o
                0x08000434                SysTick_Handler
 .text.DMA1_Channel6_IRQHandler
                0x08000440       0x14 ./Core/Src/stm32f1xx_it.o
                0x08000440                DMA1_Channel6_IRQHandler
 .text.USART2_IRQHandler
                0x08000454       0x14 ./Core/Src/stm32f1xx_it.o
                0x08000454                USART2_IRQHandler
 .text.SystemInit
                0x08000468        0xc ./Core/Src/system_stm32f1xx.o
                0x08000468                SystemInit
 .text.MX_TIM3_Init
                0x08000474       0xec ./Core/Src/tim.o
                0x08000474                MX_TIM3_Init
 .text.HAL_TIM_Base_MspInit
                0x08000560       0xa0 ./Core/Src/tim.o
                0x08000560                HAL_TIM_Base_MspInit
 .text.HAL_TIM_MspPostInit
                0x08000600       0x8c ./Core/Src/tim.o
                0x08000600                HAL_TIM_MspPostInit
 .text.MX_USART2_UART_Init
                0x0800068c       0x54 ./Core/Src/usart.o
                0x0800068c                MX_USART2_UART_Init
 .text.HAL_UART_MspInit
                0x080006e0       0xa4 ./Core/Src/usart.o
                0x080006e0                HAL_UART_MspInit
 .text.Reset_Handler
                0x08000784       0x48 ./Core/Startup/startup_stm32f103c8tx.o
                0x08000784                Reset_Handler
 .text.Default_Handler
                0x080007cc        0x2 ./Core/Startup/startup_stm32f103c8tx.o
                0x080007cc                RTC_Alarm_IRQHandler
                0x080007cc                EXTI2_IRQHandler
                0x080007cc                TIM1_CC_IRQHandler
                0x080007cc                PVD_IRQHandler
                0x080007cc                EXTI3_IRQHandler
                0x080007cc                EXTI0_IRQHandler
                0x080007cc                I2C2_EV_IRQHandler
                0x080007cc                ADC1_2_IRQHandler
                0x080007cc                SPI1_IRQHandler
                0x080007cc                TAMPER_IRQHandler
                0x080007cc                DMA1_Channel4_IRQHandler
                0x080007cc                USART3_IRQHandler
                0x080007cc                RTC_IRQHandler
                0x080007cc                DMA1_Channel7_IRQHandler
                0x080007cc                CAN1_RX1_IRQHandler
                0x080007cc                TIM4_IRQHandler
                0x080007cc                I2C1_EV_IRQHandler
                0x080007cc                TIM3_IRQHandler
                0x080007cc                RCC_IRQHandler
                0x080007cc                TIM1_TRG_COM_IRQHandler
                0x080007cc                DMA1_Channel1_IRQHandler
                0x080007cc                Default_Handler
                0x080007cc                EXTI15_10_IRQHandler
                0x080007cc                EXTI9_5_IRQHandler
                0x080007cc                SPI2_IRQHandler
                0x080007cc                DMA1_Channel5_IRQHandler
                0x080007cc                EXTI4_IRQHandler
                0x080007cc                USB_LP_CAN1_RX0_IRQHandler
                0x080007cc                USB_HP_CAN1_TX_IRQHandler
                0x080007cc                DMA1_Channel3_IRQHandler
                0x080007cc                TIM1_UP_IRQHandler
                0x080007cc                WWDG_IRQHandler
                0x080007cc                TIM2_IRQHandler
                0x080007cc                TIM1_BRK_IRQHandler
                0x080007cc                EXTI1_IRQHandler
                0x080007cc                I2C2_ER_IRQHandler
                0x080007cc                DMA1_Channel2_IRQHandler
                0x080007cc                CAN1_SCE_IRQHandler
                0x080007cc                FLASH_IRQHandler
                0x080007cc                USART1_IRQHandler
                0x080007cc                I2C1_ER_IRQHandler
                0x080007cc                USBWakeUp_IRQHandler
 *fill*         0x080007ce        0x2 
 .text.HAL_Init
                0x080007d0       0x2c ./Drivers/STM32F1xx_HAL_Driver/Src/stm32f1xx_hal.o
                0x080007d0                HAL_Init
 .text.HAL_InitTick
                0x080007fc       0x60 ./Drivers/STM32F1xx_HAL_Driver/Src/stm32f1xx_hal.o
                0x080007fc                HAL_InitTick
 .text.HAL_IncTick
                0x0800085c       0x24 ./Drivers/STM32F1xx_HAL_Driver/Src/stm32f1xx_hal.o
                0x0800085c                HAL_IncTick
 .text.HAL_GetTick
                0x08000880       0x14 ./Drivers/STM32F1xx_HAL_Driver/Src/stm32f1xx_hal.o
                0x08000880                HAL_GetTick
 .text.__NVIC_SetPriorityGrouping
                0x08000894       0x48 ./Drivers/STM32F1xx_HAL_Driver/Src/stm32f1xx_hal_cortex.o
 .text.__NVIC_GetPriorityGrouping
                0x080008dc       0x1c ./Drivers/STM32F1xx_HAL_Driver/Src/stm32f1xx_hal_cortex.o
 .text.__NVIC_EnableIRQ
                0x080008f8       0x38 ./Drivers/STM32F1xx_HAL_Driver/Src/stm32f1xx_hal_cortex.o
 .text.__NVIC_SetPriority
                0x08000930       0x54 ./Drivers/STM32F1xx_HAL_Driver/Src/stm32f1xx_hal_cortex.o
 .text.NVIC_EncodePriority
                0x08000984       0x64 ./Drivers/STM32F1xx_HAL_Driver/Src/stm32f1xx_hal_cortex.o
 .text.SysTick_Config
                0x080009e8       0x44 ./Drivers/STM32F1xx_HAL_Driver/Src/stm32f1xx_hal_cortex.o
 .text.HAL_NVIC_SetPriorityGrouping
                0x08000a2c       0x16 ./Drivers/STM32F1xx_HAL_Driver/Src/stm32f1xx_hal_cortex.o
                0x08000a2c                HAL_NVIC_SetPriorityGrouping
 .text.HAL_NVIC_SetPriority
                0x08000a42       0x38 ./Drivers/STM32F1xx_HAL_Driver/Src/stm32f1xx_hal_cortex.o
                0x08000a42                HAL_NVIC_SetPriority
 .text.HAL_NVIC_EnableIRQ
                0x08000a7a       0x1c ./Drivers/STM32F1xx_HAL_Driver/Src/stm32f1xx_hal_cortex.o
                0x08000a7a                HAL_NVIC_EnableIRQ
 .text.HAL_SYSTICK_Config
                0x08000a96       0x18 ./Drivers/STM32F1xx_HAL_Driver/Src/stm32f1xx_hal_cortex.o
                0x08000a96                HAL_SYSTICK_Config
 *fill*         0x08000aae        0x2 
 .text.HAL_DMA_Init
                0x08000ab0       0xb4 ./Drivers/STM32F1xx_HAL_Driver/Src/stm32f1xx_hal_dma.o
                0x08000ab0                HAL_DMA_Init
 .text.HAL_DMA_Start_IT
                0x08000b64       0xc0 ./Drivers/STM32F1xx_HAL_Driver/Src/stm32f1xx_hal_dma.o
                0x08000b64                HAL_DMA_Start_IT
 .text.HAL_DMA_Abort
                0x08000c24       0x76 ./Drivers/STM32F1xx_HAL_Driver/Src/stm32f1xx_hal_dma.o
                0x08000c24                HAL_DMA_Abort
 *fill*         0x08000c9a        0x2 
 .text.HAL_DMA_Abort_IT
                0x08000c9c       0xf0 ./Drivers/STM32F1xx_HAL_Driver/Src/stm32f1xx_hal_dma.o
                0x08000c9c                HAL_DMA_Abort_IT
 .text.HAL_DMA_IRQHandler
                0x08000d8c      0x20c ./Drivers/STM32F1xx_HAL_Driver/Src/stm32f1xx_hal_dma.o
                0x08000d8c                HAL_DMA_IRQHandler
 .text.DMA_SetConfig
                0x08000f98       0x5a ./Drivers/STM32F1xx_HAL_Driver/Src/stm32f1xx_hal_dma.o
 *fill*         0x08000ff2        0x2 
 .text.HAL_GPIO_Init
                0x08000ff4      0x308 ./Drivers/STM32F1xx_HAL_Driver/Src/stm32f1xx_hal_gpio.o
                0x08000ff4                HAL_GPIO_Init
 .text.HAL_RCC_OscConfig
                0x080012fc      0x504 ./Drivers/STM32F1xx_HAL_Driver/Src/stm32f1xx_hal_rcc.o
                0x080012fc                HAL_RCC_OscConfig
 .text.HAL_RCC_ClockConfig
                0x08001800      0x1d4 ./Drivers/STM32F1xx_HAL_Driver/Src/stm32f1xx_hal_rcc.o
                0x08001800                HAL_RCC_ClockConfig
 .text.HAL_RCC_GetSysClockFreq
                0x080019d4       0xa8 ./Drivers/STM32F1xx_HAL_Driver/Src/stm32f1xx_hal_rcc.o
                0x080019d4                HAL_RCC_GetSysClockFreq
 .text.HAL_RCC_GetHCLKFreq
                0x08001a7c       0x14 ./Drivers/STM32F1xx_HAL_Driver/Src/stm32f1xx_hal_rcc.o
                0x08001a7c                HAL_RCC_GetHCLKFreq
 .text.HAL_RCC_GetPCLK1Freq
                0x08001a90       0x28 ./Drivers/STM32F1xx_HAL_Driver/Src/stm32f1xx_hal_rcc.o
                0x08001a90                HAL_RCC_GetPCLK1Freq
 .text.HAL_RCC_GetPCLK2Freq
                0x08001ab8       0x28 ./Drivers/STM32F1xx_HAL_Driver/Src/stm32f1xx_hal_rcc.o
                0x08001ab8                HAL_RCC_GetPCLK2Freq
 .text.RCC_Delay
                0x08001ae0       0x3c ./Drivers/STM32F1xx_HAL_Driver/Src/stm32f1xx_hal_rcc.o
 .text.HAL_TIM_Base_Init
                0x08001b1c       0x9e ./Drivers/STM32F1xx_HAL_Driver/Src/stm32f1xx_hal_tim.o
                0x08001b1c                HAL_TIM_Base_Init
 .text.HAL_TIM_PWM_Init
                0x08001bba       0x9e ./Drivers/STM32F1xx_HAL_Driver/Src/stm32f1xx_hal_tim.o
                0x08001bba                HAL_TIM_PWM_Init
 .text.HAL_TIM_PWM_MspInit
                0x08001c58       0x12 ./Drivers/STM32F1xx_HAL_Driver/Src/stm32f1xx_hal_tim.o
                0x08001c58                HAL_TIM_PWM_MspInit
 *fill*         0x08001c6a        0x2 
 .text.HAL_TIM_PWM_Start_DMA
                0x08001c6c      0x344 ./Drivers/STM32F1xx_HAL_Driver/Src/stm32f1xx_hal_tim.o
                0x08001c6c                HAL_TIM_PWM_Start_DMA
 .text.HAL_TIM_PWM_Stop_DMA
                0x08001fb0      0x18c ./Drivers/STM32F1xx_HAL_Driver/Src/stm32f1xx_hal_tim.o
                0x08001fb0                HAL_TIM_PWM_Stop_DMA
 .text.HAL_TIM_PWM_ConfigChannel
                0x0800213c      0x184 ./Drivers/STM32F1xx_HAL_Driver/Src/stm32f1xx_hal_tim.o
                0x0800213c                HAL_TIM_PWM_ConfigChannel
 .text.HAL_TIM_ConfigClockSource
                0x080022c0      0x18e ./Drivers/STM32F1xx_HAL_Driver/Src/stm32f1xx_hal_tim.o
                0x080022c0                HAL_TIM_ConfigClockSource
 .text.HAL_TIM_PWM_PulseFinishedCallback
                0x0800244e       0x12 ./Drivers/STM32F1xx_HAL_Driver/Src/stm32f1xx_hal_tim.o
                0x0800244e                HAL_TIM_PWM_PulseFinishedCallback
 .text.HAL_TIM_PWM_PulseFinishedHalfCpltCallback
                0x08002460       0x12 ./Drivers/STM32F1xx_HAL_Driver/Src/stm32f1xx_hal_tim.o
                0x08002460                HAL_TIM_PWM_PulseFinishedHalfCpltCallback
 .text.HAL_TIM_ErrorCallback
                0x08002472       0x12 ./Drivers/STM32F1xx_HAL_Driver/Src/stm32f1xx_hal_tim.o
                0x08002472                HAL_TIM_ErrorCallback
 .text.TIM_DMAError
                0x08002484       0x92 ./Drivers/STM32F1xx_HAL_Driver/Src/stm32f1xx_hal_tim.o
                0x08002484                TIM_DMAError
 .text.TIM_DMADelayPulseCplt
                0x08002516       0xa8 ./Drivers/STM32F1xx_HAL_Driver/Src/stm32f1xx_hal_tim.o
 .text.TIM_DMADelayPulseHalfCplt
                0x080025be       0x68 ./Drivers/STM32F1xx_HAL_Driver/Src/stm32f1xx_hal_tim.o
                0x080025be                TIM_DMADelayPulseHalfCplt
 *fill*         0x08002626        0x2 
 .text.TIM_Base_SetConfig
                0x08002628       0xdc ./Drivers/STM32F1xx_HAL_Driver/Src/stm32f1xx_hal_tim.o
                0x08002628                TIM_Base_SetConfig
 .text.TIM_OC1_SetConfig
                0x08002704       0xcc ./Drivers/STM32F1xx_HAL_Driver/Src/stm32f1xx_hal_tim.o
 .text.TIM_OC2_SetConfig
                0x080027d0       0xd4 ./Drivers/STM32F1xx_HAL_Driver/Src/stm32f1xx_hal_tim.o
                0x080027d0                TIM_OC2_SetConfig
 .text.TIM_OC3_SetConfig
                0x080028a4       0xd4 ./Drivers/STM32F1xx_HAL_Driver/Src/stm32f1xx_hal_tim.o
 .text.TIM_OC4_SetConfig
                0x08002978       0x9c ./Drivers/STM32F1xx_HAL_Driver/Src/stm32f1xx_hal_tim.o
 .text.TIM_TI1_ConfigInputStage
                0x08002a14       0x5c ./Drivers/STM32F1xx_HAL_Driver/Src/stm32f1xx_hal_tim.o
 .text.TIM_TI2_ConfigInputStage
                0x08002a70       0x5e ./Drivers/STM32F1xx_HAL_Driver/Src/stm32f1xx_hal_tim.o
 .text.TIM_ITRx_SetConfig
                0x08002ace       0x34 ./Drivers/STM32F1xx_HAL_Driver/Src/stm32f1xx_hal_tim.o
 .text.TIM_ETR_SetConfig
                0x08002b02       0x3e ./Drivers/STM32F1xx_HAL_Driver/Src/stm32f1xx_hal_tim.o
                0x08002b02                TIM_ETR_SetConfig
 .text.TIM_CCxChannelCmd
                0x08002b40       0x48 ./Drivers/STM32F1xx_HAL_Driver/Src/stm32f1xx_hal_tim.o
                0x08002b40                TIM_CCxChannelCmd
 .text.HAL_TIMEx_MasterConfigSynchronization
                0x08002b88       0xbc ./Drivers/STM32F1xx_HAL_Driver/Src/stm32f1xx_hal_tim_ex.o
                0x08002b88                HAL_TIMEx_MasterConfigSynchronization
 .text.HAL_UART_Init
                0x08002c44       0xa0 ./Drivers/STM32F1xx_HAL_Driver/Src/stm32f1xx_hal_uart.o
                0x08002c44                HAL_UART_Init
 .text.HAL_UARTEx_ReceiveToIdle_IT
                0x08002ce4       0xba ./Drivers/STM32F1xx_HAL_Driver/Src/stm32f1xx_hal_uart.o
                0x08002ce4                HAL_UARTEx_ReceiveToIdle_IT
 *fill*         0x08002d9e        0x2 
 .text.HAL_UART_IRQHandler
                0x08002da0      0x524 ./Drivers/STM32F1xx_HAL_Driver/Src/stm32f1xx_hal_uart.o
                0x08002da0                HAL_UART_IRQHandler
 .text.HAL_UART_TxCpltCallback
                0x080032c4       0x12 ./Drivers/STM32F1xx_HAL_Driver/Src/stm32f1xx_hal_uart.o
                0x080032c4                HAL_UART_TxCpltCallback
 .text.HAL_UART_RxCpltCallback
                0x080032d6       0x12 ./Drivers/STM32F1xx_HAL_Driver/Src/stm32f1xx_hal_uart.o
                0x080032d6                HAL_UART_RxCpltCallback
 .text.HAL_UART_ErrorCallback
                0x080032e8       0x12 ./Drivers/STM32F1xx_HAL_Driver/Src/stm32f1xx_hal_uart.o
                0x080032e8                HAL_UART_ErrorCallback
 .text.UART_Start_Receive_IT
                0x080032fa       0x72 ./Drivers/STM32F1xx_HAL_Driver/Src/stm32f1xx_hal_uart.o
                0x080032fa                UART_Start_Receive_IT
 .text.UART_EndRxTransfer
                0x0800336c       0xc4 ./Drivers/STM32F1xx_HAL_Driver/Src/stm32f1xx_hal_uart.o
 .text.UART_DMAAbortOnError
                0x08003430       0x28 ./Drivers/STM32F1xx_HAL_Driver/Src/stm32f1xx_hal_uart.o
 .text.UART_Transmit_IT
                0x08003458       0x9e ./Drivers/STM32F1xx_HAL_Driver/Src/stm32f1xx_hal_uart.o
 .text.UART_EndTransmit_IT
                0x080034f6       0x30 ./Drivers/STM32F1xx_HAL_Driver/Src/stm32f1xx_hal_uart.o
 .text.UART_Receive_IT
                0x08003526      0x17c ./Drivers/STM32F1xx_HAL_Driver/Src/stm32f1xx_hal_uart.o
 *fill*         0x080036a2        0x2 
 .text.UART_SetConfig
                0x080036a4      0x11c ./Drivers/STM32F1xx_HAL_Driver/Src/stm32f1xx_hal_uart.o
 .text.Command_AddReadIndex
                0x080037c0       0x34 ./Lib/Src/command.o
                0x080037c0                Command_AddReadIndex
 .text.Command_Read
                0x080037f4       0x28 ./Lib/Src/command.o
                0x080037f4                Command_Read
 .text.Command_GetLength
                0x0800381c       0x30 ./Lib/Src/command.o
                0x0800381c                Command_GetLength
 .text.Command_GetRemain
                0x0800384c       0x18 ./Lib/Src/command.o
                0x0800384c                Command_GetRemain
 .text.Command_Write
                0x08003864       0xa4 ./Lib/Src/command.o
                0x08003864                Command_Write
 .text.Command_GetCommand
                0x08003908       0xf4 ./Lib/Src/command.o
                0x08003908                Command_GetCommand
 .text.WS2812_Set
                0x080039fc       0x60 ./Lib/Src/ws2812.o
                0x080039fc                WS2812_Set
 .text.WS2812_Update
                0x08003a5c      0x120 ./Lib/Src/ws2812.o
                0x08003a5c                WS2812_Update
 .text.memset   0x08003b7c       0x10 C:/ST/STM32CubeIDE_1.19.0/STM32CubeIDE/plugins/com.st.stm32cube.ide.mcu.externaltools.gnu-tools-for-stm32.13.3.rel1.win32_1.0.0.202411081344/tools/bin/../lib/gcc/arm-none-eabi/13.3.1/../../../../arm-none-eabi/lib/thumb/v7-m/nofp\libc_nano.a(libc_a-memset.o)
                0x08003b7c                memset
 .text.__libc_init_array
                0x08003b8c       0x48 C:/ST/STM32CubeIDE_1.19.0/STM32CubeIDE/plugins/com.st.stm32cube.ide.mcu.externaltools.gnu-tools-for-stm32.13.3.rel1.win32_1.0.0.202411081344/tools/bin/../lib/gcc/arm-none-eabi/13.3.1/../../../../arm-none-eabi/lib/thumb/v7-m/nofp\libc_nano.a(libc_a-init.o)
                0x08003b8c                __libc_init_array
 .text.memcpy   0x08003bd4       0x1c C:/ST/STM32CubeIDE_1.19.0/STM32CubeIDE/plugins/com.st.stm32cube.ide.mcu.externaltools.gnu-tools-for-stm32.13.3.rel1.win32_1.0.0.202411081344/tools/bin/../lib/gcc/arm-none-eabi/13.3.1/../../../../arm-none-eabi/lib/thumb/v7-m/nofp\libc_nano.a(libc_a-memcpy-stub.o)
                0x08003bd4                memcpy
 *(.glue_7)
 .glue_7        0x08003bf0        0x0 linker stubs
 *(.glue_7t)
 .glue_7t       0x08003bf0        0x0 linker stubs
 *(.eh_frame)
 .eh_frame      0x08003bf0        0x0 C:/ST/STM32CubeIDE_1.19.0/STM32CubeIDE/plugins/com.st.stm32cube.ide.mcu.externaltools.gnu-tools-for-stm32.13.3.rel1.win32_1.0.0.202411081344/tools/bin/../lib/gcc/arm-none-eabi/13.3.1/thumb/v7-m/nofp/crtbegin.o
 *(.init)
 .init          0x08003bf0        0x4 C:/ST/STM32CubeIDE_1.19.0/STM32CubeIDE/plugins/com.st.stm32cube.ide.mcu.externaltools.gnu-tools-for-stm32.13.3.rel1.win32_1.0.0.202411081344/tools/bin/../lib/gcc/arm-none-eabi/13.3.1/thumb/v7-m/nofp/crti.o
                0x08003bf0                _init
 .init          0x08003bf4        0x8 C:/ST/STM32CubeIDE_1.19.0/STM32CubeIDE/plugins/com.st.stm32cube.ide.mcu.externaltools.gnu-tools-for-stm32.13.3.rel1.win32_1.0.0.202411081344/tools/bin/../lib/gcc/arm-none-eabi/13.3.1/thumb/v7-m/nofp/crtn.o
 *(.fini)
 .fini          0x08003bfc        0x4 C:/ST/STM32CubeIDE_1.19.0/STM32CubeIDE/plugins/com.st.stm32cube.ide.mcu.externaltools.gnu-tools-for-stm32.13.3.rel1.win32_1.0.0.202411081344/tools/bin/../lib/gcc/arm-none-eabi/13.3.1/thumb/v7-m/nofp/crti.o
                0x08003bfc                _fini
 .fini          0x08003c00        0x8 C:/ST/STM32CubeIDE_1.19.0/STM32CubeIDE/plugins/com.st.stm32cube.ide.mcu.externaltools.gnu-tools-for-stm32.13.3.rel1.win32_1.0.0.202411081344/tools/bin/../lib/gcc/arm-none-eabi/13.3.1/thumb/v7-m/nofp/crtn.o
                0x08003c08                        . = ALIGN (0x4)
                0x08003c08                        _etext = .

.vfp11_veneer   0x08003c08        0x0
 .vfp11_veneer  0x08003c08        0x0 linker stubs

.v4_bx          0x08003c08        0x0
 .v4_bx         0x08003c08        0x0 linker stubs

.iplt           0x08003c08        0x0
 .iplt          0x08003c08        0x0 C:/ST/STM32CubeIDE_1.19.0/STM32CubeIDE/plugins/com.st.stm32cube.ide.mcu.externaltools.gnu-tools-for-stm32.13.3.rel1.win32_1.0.0.202411081344/tools/bin/../lib/gcc/arm-none-eabi/13.3.1/thumb/v7-m/nofp/crtbegin.o

.rodata         0x08003c08       0x2c
                0x08003c08                        . = ALIGN (0x4)
 *(.rodata)
 *(.rodata*)
 .rodata.AHBPrescTable
                0x08003c08       0x10 ./Core/Src/system_stm32f1xx.o
                0x08003c08                AHBPrescTable
 .rodata.APBPrescTable
                0x08003c18        0x8 ./Core/Src/system_stm32f1xx.o
                0x08003c18                APBPrescTable
 .rodata.aPLLMULFactorTable.1
                0x08003c20       0x10 ./Drivers/STM32F1xx_HAL_Driver/Src/stm32f1xx_hal_rcc.o
 .rodata.aPredivFactorTable.0
                0x08003c30        0x2 ./Drivers/STM32F1xx_HAL_Driver/Src/stm32f1xx_hal_rcc.o
                0x08003c34                        . = ALIGN (0x4)
 *fill*         0x08003c32        0x2 

.ARM.extab      0x08003c34        0x0
                0x08003c34                        . = ALIGN (0x4)
 *(.ARM.extab* .gnu.linkonce.armextab.*)
                0x08003c34                        . = ALIGN (0x4)

.ARM            0x08003c34        0x0
                0x08003c34                        . = ALIGN (0x4)
                0x08003c34                        __exidx_start = .
 *(.ARM.exidx*)
                0x08003c34                        __exidx_end = .
                0x08003c34                        . = ALIGN (0x4)

.preinit_array  0x08003c34        0x0
                0x08003c34                        . = ALIGN (0x4)
                0x08003c34                        PROVIDE (__preinit_array_start = .)
 *(.preinit_array*)
                0x08003c34                        PROVIDE (__preinit_array_end = .)
                0x08003c34                        . = ALIGN (0x4)

.init_array     0x08003c34        0x4
                0x08003c34                        . = ALIGN (0x4)
                0x08003c34                        PROVIDE (__init_array_start = .)
 *(SORT_BY_NAME(.init_array.*))
 *(.init_array*)
 .init_array    0x08003c34        0x4 C:/ST/STM32CubeIDE_1.19.0/STM32CubeIDE/plugins/com.st.stm32cube.ide.mcu.externaltools.gnu-tools-for-stm32.13.3.rel1.win32_1.0.0.202411081344/tools/bin/../lib/gcc/arm-none-eabi/13.3.1/thumb/v7-m/nofp/crtbegin.o
                0x08003c38                        PROVIDE (__init_array_end = .)
                0x08003c38                        . = ALIGN (0x4)

.fini_array     0x08003c38        0x4
                0x08003c38                        . = ALIGN (0x4)
                [!provide]                        PROVIDE (__fini_array_start = .)
 *(SORT_BY_NAME(.fini_array.*))
 *(.fini_array*)
 .fini_array    0x08003c38        0x4 C:/ST/STM32CubeIDE_1.19.0/STM32CubeIDE/plugins/com.st.stm32cube.ide.mcu.externaltools.gnu-tools-for-stm32.13.3.rel1.win32_1.0.0.202411081344/tools/bin/../lib/gcc/arm-none-eabi/13.3.1/thumb/v7-m/nofp/crtbegin.o
                [!provide]                        PROVIDE (__fini_array_end = .)
                0x08003c3c                        . = ALIGN (0x4)
                0x08003c3c                        _sidata = LOADADDR (.data)

.rel.dyn        0x08003c3c        0x0
 .rel.iplt      0x08003c3c        0x0 C:/ST/STM32CubeIDE_1.19.0/STM32CubeIDE/plugins/com.st.stm32cube.ide.mcu.externaltools.gnu-tools-for-stm32.13.3.rel1.win32_1.0.0.202411081344/tools/bin/../lib/gcc/arm-none-eabi/13.3.1/thumb/v7-m/nofp/crtbegin.o

.data           0x20000000        0xc load address 0x08003c3c
                0x20000000                        . = ALIGN (0x4)
                0x20000000                        _sdata = .
 *(.data)
 *(.data*)
 .data.SystemCoreClock
                0x20000000        0x4 ./Core/Src/system_stm32f1xx.o
                0x20000000                SystemCoreClock
 .data.uwTickPrio
                0x20000004        0x4 ./Drivers/STM32F1xx_HAL_Driver/Src/stm32f1xx_hal.o
                0x20000004                uwTickPrio
 .data.uwTickFreq
                0x20000008        0x1 ./Drivers/STM32F1xx_HAL_Driver/Src/stm32f1xx_hal.o
                0x20000008                uwTickFreq
 *(.RamFunc)
 *(.RamFunc*)
                0x2000000c                        . = ALIGN (0x4)
 *fill*         0x20000009        0x3 
                0x2000000c                        _edata = .

.igot.plt       0x2000000c        0x0 load address 0x08003c48
 .igot.plt      0x2000000c        0x0 C:/ST/STM32CubeIDE_1.19.0/STM32CubeIDE/plugins/com.st.stm32cube.ide.mcu.externaltools.gnu-tools-for-stm32.13.3.rel1.win32_1.0.0.202411081344/tools/bin/../lib/gcc/arm-none-eabi/13.3.1/thumb/v7-m/nofp/crtbegin.o
                0x2000000c                        . = ALIGN (0x4)

.bss            0x2000000c      0x3fc load address 0x08003c48
                0x2000000c                        _sbss = .
                0x2000000c                        __bss_start__ = _sbss
 *(.bss)
 .bss           0x2000000c       0x1c C:/ST/STM32CubeIDE_1.19.0/STM32CubeIDE/plugins/com.st.stm32cube.ide.mcu.externaltools.gnu-tools-for-stm32.13.3.rel1.win32_1.0.0.202411081344/tools/bin/../lib/gcc/arm-none-eabi/13.3.1/thumb/v7-m/nofp/crtbegin.o
 *(.bss*)
 .bss.readBuffer
                0x20000028       0x80 ./Core/Src/main.o
                0x20000028                readBuffer
 .bss.htim3     0x200000a8       0x48 ./Core/Src/tim.o
                0x200000a8                htim3
 .bss.hdma_tim3_ch1_trig
                0x200000f0       0x44 ./Core/Src/tim.o
                0x200000f0                hdma_tim3_ch1_trig
 .bss.huart2    0x20000134       0x48 ./Core/Src/usart.o
                0x20000134                huart2
 .bss.uwTick    0x2000017c        0x4 ./Drivers/STM32F1xx_HAL_Driver/Src/stm32f1xx_hal.o
                0x2000017c                uwTick
 .bss.buffer    0x20000180       0x80 ./Lib/Src/command.o
                0x20000180                buffer
 .bss.readIndex
                0x20000200        0x1 ./Lib/Src/command.o
                0x20000200                readIndex
 .bss.writeIndex
                0x20000201        0x1 ./Lib/Src/command.o
                0x20000201                writeIndex
 *fill*         0x20000202        0x2 
 .bss.color     0x20000204       0x1e ./Lib/Src/ws2812.o
                0x20000204                color
 *fill*         0x20000222        0x2 
 .bss.data.0    0x20000224      0x1e2 ./Lib/Src/ws2812.o
 *(COMMON)
                0x20000408                        . = ALIGN (0x4)
 *fill*         0x20000406        0x2 
                0x20000408                        _ebss = .
                0x20000408                        __bss_end__ = _ebss

._user_heap_stack
                0x20000408      0x600 load address 0x08003c48
                0x20000408                        . = ALIGN (0x8)
                [!provide]                        PROVIDE (end = .)
                0x20000408                        PROVIDE (_end = .)
                0x20000608                        . = (. + _Min_Heap_Size)
 *fill*         0x20000408      0x200 
                0x20000a08                        . = (. + _Min_Stack_Size)
 *fill*         0x20000608      0x400 
                0x20000a08                        . = ALIGN (0x8)

/DISCARD/
 libc.a(*)
 libm.a(*)
 libgcc.a(*)

.ARM.attributes
                0x00000000       0x29
 *(.ARM.attributes)
 .ARM.attributes
                0x00000000       0x1d C:/ST/STM32CubeIDE_1.19.0/STM32CubeIDE/plugins/com.st.stm32cube.ide.mcu.externaltools.gnu-tools-for-stm32.13.3.rel1.win32_1.0.0.202411081344/tools/bin/../lib/gcc/arm-none-eabi/13.3.1/thumb/v7-m/nofp/crti.o
 .ARM.attributes
                0x0000001d       0x2d C:/ST/STM32CubeIDE_1.19.0/STM32CubeIDE/plugins/com.st.stm32cube.ide.mcu.externaltools.gnu-tools-for-stm32.13.3.rel1.win32_1.0.0.202411081344/tools/bin/../lib/gcc/arm-none-eabi/13.3.1/thumb/v7-m/nofp/crtbegin.o
 .ARM.attributes
                0x0000004a       0x2d ./App/Src/task_light.o
 .ARM.attributes
                0x00000077       0x2d ./Core/Src/dma.o
 .ARM.attributes
                0x000000a4       0x2d ./Core/Src/gpio.o
 .ARM.attributes
                0x000000d1       0x2d ./Core/Src/main.o
 .ARM.attributes
                0x000000fe       0x2d ./Core/Src/stm32f1xx_hal_msp.o
 .ARM.attributes
                0x0000012b       0x2d ./Core/Src/stm32f1xx_it.o
 .ARM.attributes
                0x00000158       0x2d ./Core/Src/system_stm32f1xx.o
 .ARM.attributes
                0x00000185       0x2d ./Core/Src/tim.o
 .ARM.attributes
                0x000001b2       0x2d ./Core/Src/usart.o
 .ARM.attributes
                0x000001df       0x21 ./Core/Startup/startup_stm32f103c8tx.o
 .ARM.attributes
                0x00000200       0x2d ./Drivers/STM32F1xx_HAL_Driver/Src/stm32f1xx_hal.o
 .ARM.attributes
                0x0000022d       0x2d ./Drivers/STM32F1xx_HAL_Driver/Src/stm32f1xx_hal_cortex.o
 .ARM.attributes
                0x0000025a       0x2d ./Drivers/STM32F1xx_HAL_Driver/Src/stm32f1xx_hal_dma.o
 .ARM.attributes
                0x00000287       0x2d ./Drivers/STM32F1xx_HAL_Driver/Src/stm32f1xx_hal_gpio.o
 .ARM.attributes
                0x000002b4       0x2d ./Drivers/STM32F1xx_HAL_Driver/Src/stm32f1xx_hal_rcc.o
 .ARM.attributes
                0x000002e1       0x2d ./Drivers/STM32F1xx_HAL_Driver/Src/stm32f1xx_hal_tim.o
 .ARM.attributes
                0x0000030e       0x2d ./Drivers/STM32F1xx_HAL_Driver/Src/stm32f1xx_hal_tim_ex.o
 .ARM.attributes
                0x0000033b       0x2d ./Drivers/STM32F1xx_HAL_Driver/Src/stm32f1xx_hal_uart.o
 .ARM.attributes
                0x00000368       0x2d ./Lib/Src/command.o
 .ARM.attributes
                0x00000395       0x2d ./Lib/Src/ws2812.o
 .ARM.attributes
                0x000003c2       0x2d C:/ST/STM32CubeIDE_1.19.0/STM32CubeIDE/plugins/com.st.stm32cube.ide.mcu.externaltools.gnu-tools-for-stm32.13.3.rel1.win32_1.0.0.202411081344/tools/bin/../lib/gcc/arm-none-eabi/13.3.1/../../../../arm-none-eabi/lib/thumb/v7-m/nofp\libc_nano.a(libc_a-memset.o)
 .ARM.attributes
                0x000003ef       0x2d C:/ST/STM32CubeIDE_1.19.0/STM32CubeIDE/plugins/com.st.stm32cube.ide.mcu.externaltools.gnu-tools-for-stm32.13.3.rel1.win32_1.0.0.202411081344/tools/bin/../lib/gcc/arm-none-eabi/13.3.1/../../../../arm-none-eabi/lib/thumb/v7-m/nofp\libc_nano.a(libc_a-init.o)
 .ARM.attributes
                0x0000041c       0x2d C:/ST/STM32CubeIDE_1.19.0/STM32CubeIDE/plugins/com.st.stm32cube.ide.mcu.externaltools.gnu-tools-for-stm32.13.3.rel1.win32_1.0.0.202411081344/tools/bin/../lib/gcc/arm-none-eabi/13.3.1/../../../../arm-none-eabi/lib/thumb/v7-m/nofp\libc_nano.a(libc_a-memcpy-stub.o)
 .ARM.attributes
                0x00000449       0x1d C:/ST/STM32CubeIDE_1.19.0/STM32CubeIDE/plugins/com.st.stm32cube.ide.mcu.externaltools.gnu-tools-for-stm32.13.3.rel1.win32_1.0.0.202411081344/tools/bin/../lib/gcc/arm-none-eabi/13.3.1/thumb/v7-m/nofp/crtn.o
OUTPUT(ColorfulLights.elf elf32-littlearm)
LOAD linker stubs
LOAD C:/ST/STM32CubeIDE_1.19.0/STM32CubeIDE/plugins/com.st.stm32cube.ide.mcu.externaltools.gnu-tools-for-stm32.13.3.rel1.win32_1.0.0.202411081344/tools/bin/../lib/gcc/arm-none-eabi/13.3.1/../../../../arm-none-eabi/lib/thumb/v7-m/nofp\libc.a
LOAD C:/ST/STM32CubeIDE_1.19.0/STM32CubeIDE/plugins/com.st.stm32cube.ide.mcu.externaltools.gnu-tools-for-stm32.13.3.rel1.win32_1.0.0.202411081344/tools/bin/../lib/gcc/arm-none-eabi/13.3.1/../../../../arm-none-eabi/lib/thumb/v7-m/nofp\libm.a
LOAD C:/ST/STM32CubeIDE_1.19.0/STM32CubeIDE/plugins/com.st.stm32cube.ide.mcu.externaltools.gnu-tools-for-stm32.13.3.rel1.win32_1.0.0.202411081344/tools/bin/../lib/gcc/arm-none-eabi/13.3.1/thumb/v7-m/nofp\libgcc.a

.debug_info     0x00000000     0xc8e7
 .debug_info    0x00000000      0x137 ./App/Src/task_light.o
 .debug_info    0x00000137      0x2cf ./Core/Src/dma.o
 .debug_info    0x00000406      0x184 ./Core/Src/gpio.o
 .debug_info    0x0000058a      0x7f0 ./Core/Src/main.o
 .debug_info    0x00000d7a      0x1f1 ./Core/Src/stm32f1xx_hal_msp.o
 .debug_info    0x00000f6b      0x616 ./Core/Src/stm32f1xx_it.o
 .debug_info    0x00001581      0x222 ./Core/Src/system_stm32f1xx.o
 .debug_info    0x000017a3      0xaf0 ./Core/Src/tim.o
 .debug_info    0x00002293      0x92a ./Core/Src/usart.o
 .debug_info    0x00002bbd       0x30 ./Core/Startup/startup_stm32f103c8tx.o
 .debug_info    0x00002bed      0x704 ./Drivers/STM32F1xx_HAL_Driver/Src/stm32f1xx_hal.o
 .debug_info    0x000032f1      0xa87 ./Drivers/STM32F1xx_HAL_Driver/Src/stm32f1xx_hal_cortex.o
 .debug_info    0x00003d78      0x6d2 ./Drivers/STM32F1xx_HAL_Driver/Src/stm32f1xx_hal_dma.o
 .debug_info    0x0000444a      0x5ab ./Drivers/STM32F1xx_HAL_Driver/Src/stm32f1xx_hal_gpio.o
 .debug_info    0x000049f5      0x7d5 ./Drivers/STM32F1xx_HAL_Driver/Src/stm32f1xx_hal_rcc.o
 .debug_info    0x000051ca     0x2959 ./Drivers/STM32F1xx_HAL_Driver/Src/stm32f1xx_hal_tim.o
 .debug_info    0x00007b23     0x149b ./Drivers/STM32F1xx_HAL_Driver/Src/stm32f1xx_hal_tim_ex.o
 .debug_info    0x00008fbe     0x2eed ./Drivers/STM32F1xx_HAL_Driver/Src/stm32f1xx_hal_uart.o
 .debug_info    0x0000beab      0x25d ./Lib/Src/command.o
 .debug_info    0x0000c108      0x7df ./Lib/Src/ws2812.o

.debug_abbrev   0x00000000     0x23d6
 .debug_abbrev  0x00000000       0xe5 ./App/Src/task_light.o
 .debug_abbrev  0x000000e5       0xfc ./Core/Src/dma.o
 .debug_abbrev  0x000001e1       0xc6 ./Core/Src/gpio.o
 .debug_abbrev  0x000002a7      0x256 ./Core/Src/main.o
 .debug_abbrev  0x000004fd       0xdb ./Core/Src/stm32f1xx_hal_msp.o
 .debug_abbrev  0x000005d8      0x178 ./Core/Src/stm32f1xx_it.o
 .debug_abbrev  0x00000750      0x13f ./Core/Src/system_stm32f1xx.o
 .debug_abbrev  0x0000088f      0x232 ./Core/Src/tim.o
 .debug_abbrev  0x00000ac1      0x205 ./Core/Src/usart.o
 .debug_abbrev  0x00000cc6       0x24 ./Core/Startup/startup_stm32f103c8tx.o
 .debug_abbrev  0x00000cea      0x201 ./Drivers/STM32F1xx_HAL_Driver/Src/stm32f1xx_hal.o
 .debug_abbrev  0x00000eeb      0x2f8 ./Drivers/STM32F1xx_HAL_Driver/Src/stm32f1xx_hal_cortex.o
 .debug_abbrev  0x000011e3      0x20b ./Drivers/STM32F1xx_HAL_Driver/Src/stm32f1xx_hal_dma.o
 .debug_abbrev  0x000013ee      0x1ca ./Drivers/STM32F1xx_HAL_Driver/Src/stm32f1xx_hal_gpio.o
 .debug_abbrev  0x000015b8      0x2b3 ./Drivers/STM32F1xx_HAL_Driver/Src/stm32f1xx_hal_rcc.o
 .debug_abbrev  0x0000186b      0x277 ./Drivers/STM32F1xx_HAL_Driver/Src/stm32f1xx_hal_tim.o
 .debug_abbrev  0x00001ae2      0x282 ./Drivers/STM32F1xx_HAL_Driver/Src/stm32f1xx_hal_tim_ex.o
 .debug_abbrev  0x00001d64      0x2f8 ./Drivers/STM32F1xx_HAL_Driver/Src/stm32f1xx_hal_uart.o
 .debug_abbrev  0x0000205c      0x178 ./Lib/Src/command.o
 .debug_abbrev  0x000021d4      0x202 ./Lib/Src/ws2812.o

.debug_aranges  0x00000000      0xce0
 .debug_aranges
                0x00000000       0x20 ./App/Src/task_light.o
 .debug_aranges
                0x00000020       0x20 ./Core/Src/dma.o
 .debug_aranges
                0x00000040       0x20 ./Core/Src/gpio.o
 .debug_aranges
                0x00000060       0x38 ./Core/Src/main.o
 .debug_aranges
                0x00000098       0x20 ./Core/Src/stm32f1xx_hal_msp.o
 .debug_aranges
                0x000000b8       0x70 ./Core/Src/stm32f1xx_it.o
 .debug_aranges
                0x00000128       0x28 ./Core/Src/system_stm32f1xx.o
 .debug_aranges
                0x00000150       0x38 ./Core/Src/tim.o
 .debug_aranges
                0x00000188       0x30 ./Core/Src/usart.o
 .debug_aranges
                0x000001b8       0x28 ./Core/Startup/startup_stm32f103c8tx.o
 .debug_aranges
                0x000001e0       0xe0 ./Drivers/STM32F1xx_HAL_Driver/Src/stm32f1xx_hal.o
 .debug_aranges
                0x000002c0      0x100 ./Drivers/STM32F1xx_HAL_Driver/Src/stm32f1xx_hal_cortex.o
 .debug_aranges
                0x000003c0       0x80 ./Drivers/STM32F1xx_HAL_Driver/Src/stm32f1xx_hal_dma.o
 .debug_aranges
                0x00000440       0x58 ./Drivers/STM32F1xx_HAL_Driver/Src/stm32f1xx_hal_gpio.o
 .debug_aranges
                0x00000498       0x90 ./Drivers/STM32F1xx_HAL_Driver/Src/stm32f1xx_hal_rcc.o
 .debug_aranges
                0x00000528      0x3d0 ./Drivers/STM32F1xx_HAL_Driver/Src/stm32f1xx_hal_tim.o
 .debug_aranges
                0x000008f8      0x168 ./Drivers/STM32F1xx_HAL_Driver/Src/stm32f1xx_hal_tim_ex.o
 .debug_aranges
                0x00000a60      0x208 ./Drivers/STM32F1xx_HAL_Driver/Src/stm32f1xx_hal_uart.o
 .debug_aranges
                0x00000c68       0x48 ./Lib/Src/command.o
 .debug_aranges
                0x00000cb0       0x30 ./Lib/Src/ws2812.o

.debug_rnglists
                0x00000000      0x9f8
 .debug_rnglists
                0x00000000       0x14 ./App/Src/task_light.o
 .debug_rnglists
                0x00000014       0x13 ./Core/Src/dma.o
 .debug_rnglists
                0x00000027       0x13 ./Core/Src/gpio.o
 .debug_rnglists
                0x0000003a       0x26 ./Core/Src/main.o
 .debug_rnglists
                0x00000060       0x13 ./Core/Src/stm32f1xx_hal_msp.o
 .debug_rnglists
                0x00000073       0x4f ./Core/Src/stm32f1xx_it.o
 .debug_rnglists
                0x000000c2       0x1a ./Core/Src/system_stm32f1xx.o
 .debug_rnglists
                0x000000dc       0x28 ./Core/Src/tim.o
 .debug_rnglists
                0x00000104       0x20 ./Core/Src/usart.o
 .debug_rnglists
                0x00000124       0x19 ./Core/Startup/startup_stm32f103c8tx.o
 .debug_rnglists
                0x0000013d       0xa3 ./Drivers/STM32F1xx_HAL_Driver/Src/stm32f1xx_hal.o
 .debug_rnglists
                0x000001e0       0xbb ./Drivers/STM32F1xx_HAL_Driver/Src/stm32f1xx_hal_cortex.o
 .debug_rnglists
                0x0000029b       0x64 ./Drivers/STM32F1xx_HAL_Driver/Src/stm32f1xx_hal_dma.o
 .debug_rnglists
                0x000002ff       0x3f ./Drivers/STM32F1xx_HAL_Driver/Src/stm32f1xx_hal_gpio.o
 .debug_rnglists
                0x0000033e       0x6c ./Drivers/STM32F1xx_HAL_Driver/Src/stm32f1xx_hal_rcc.o
 .debug_rnglists
                0x000003aa      0x31a ./Drivers/STM32F1xx_HAL_Driver/Src/stm32f1xx_hal_tim.o
 .debug_rnglists
                0x000006c4      0x125 ./Drivers/STM32F1xx_HAL_Driver/Src/stm32f1xx_hal_tim_ex.o
 .debug_rnglists
                0x000007e9      0x1bc ./Drivers/STM32F1xx_HAL_Driver/Src/stm32f1xx_hal_uart.o
 .debug_rnglists
                0x000009a5       0x33 ./Lib/Src/command.o
 .debug_rnglists
                0x000009d8       0x20 ./Lib/Src/ws2812.o

.debug_macro    0x00000000    0x1838e
 .debug_macro   0x00000000      0x2b3 ./App/Src/task_light.o
 .debug_macro   0x000002b3      0xacc ./App/Src/task_light.o
 .debug_macro   0x00000d7f      0x221 ./App/Src/task_light.o
 .debug_macro   0x00000fa0       0x2e ./App/Src/task_light.o
 .debug_macro   0x00000fce       0x22 ./App/Src/task_light.o
 .debug_macro   0x00000ff0       0x22 ./App/Src/task_light.o
 .debug_macro   0x00001012       0x8e ./App/Src/task_light.o
 .debug_macro   0x000010a0       0x51 ./App/Src/task_light.o
 .debug_macro   0x000010f1      0x103 ./App/Src/task_light.o
 .debug_macro   0x000011f4       0x6a ./App/Src/task_light.o
 .debug_macro   0x0000125e      0x1df ./App/Src/task_light.o
 .debug_macro   0x0000143d       0x1c ./App/Src/task_light.o
 .debug_macro   0x00001459       0x22 ./App/Src/task_light.o
 .debug_macro   0x0000147b       0xbd ./App/Src/task_light.o
 .debug_macro   0x00001538      0xd23 ./App/Src/task_light.o
 .debug_macro   0x0000225b     0xe09e ./App/Src/task_light.o
 .debug_macro   0x000102f9       0x6d ./App/Src/task_light.o
 .debug_macro   0x00010366     0x34a2 ./App/Src/task_light.o
 .debug_macro   0x00013808      0x190 ./App/Src/task_light.o
 .debug_macro   0x00013998       0x5c ./App/Src/task_light.o
 .debug_macro   0x000139f4      0x5bc ./App/Src/task_light.o
 .debug_macro   0x00013fb0      0x289 ./App/Src/task_light.o
 .debug_macro   0x00014239      0x1cb ./App/Src/task_light.o
 .debug_macro   0x00014404      0x114 ./App/Src/task_light.o
 .debug_macro   0x00014518      0x1b2 ./App/Src/task_light.o
 .debug_macro   0x000146ca       0x27 ./App/Src/task_light.o
 .debug_macro   0x000146f1      0x136 ./App/Src/task_light.o
 .debug_macro   0x00014827      0x1bc ./App/Src/task_light.o
 .debug_macro   0x000149e3       0x34 ./App/Src/task_light.o
 .debug_macro   0x00014a17       0x3c ./App/Src/task_light.o
 .debug_macro   0x00014a53       0x57 ./App/Src/task_light.o
 .debug_macro   0x00014aaa       0x87 ./App/Src/task_light.o
 .debug_macro   0x00014b31      0x240 ./App/Src/task_light.o
 .debug_macro   0x00014d71      0x140 ./App/Src/task_light.o
 .debug_macro   0x00014eb1      0x8ed ./App/Src/task_light.o
 .debug_macro   0x0001579e      0x28e ./App/Src/task_light.o
 .debug_macro   0x00015a2c       0x83 ./App/Src/task_light.o
 .debug_macro   0x00015aaf       0x61 ./App/Src/task_light.o
 .debug_macro   0x00015b10       0x24 ./App/Src/task_light.o
 .debug_macro   0x00015b34       0x43 ./App/Src/task_light.o
 .debug_macro   0x00015b77       0x34 ./App/Src/task_light.o
 .debug_macro   0x00015bab      0x370 ./App/Src/task_light.o
 .debug_macro   0x00015f1b       0x16 ./App/Src/task_light.o
 .debug_macro   0x00015f31       0x4a ./App/Src/task_light.o
 .debug_macro   0x00015f7b       0x34 ./App/Src/task_light.o
 .debug_macro   0x00015faf       0x10 ./App/Src/task_light.o
 .debug_macro   0x00015fbf       0x58 ./App/Src/task_light.o
 .debug_macro   0x00016017       0x8e ./App/Src/task_light.o
 .debug_macro   0x000160a5       0x1c ./App/Src/task_light.o
 .debug_macro   0x000160c1      0x185 ./App/Src/task_light.o
 .debug_macro   0x00016246       0x10 ./App/Src/task_light.o
 .debug_macro   0x00016256       0x3c ./App/Src/task_light.o
 .debug_macro   0x00016292       0x20 ./App/Src/task_light.o
 .debug_macro   0x000162b2      0x1b7 ./Core/Src/dma.o
 .debug_macro   0x00016469      0x1b7 ./Core/Src/gpio.o
 .debug_macro   0x00016620      0x2c4 ./Core/Src/main.o
 .debug_macro   0x000168e4       0x10 ./Core/Src/main.o
 .debug_macro   0x000168f4      0x1ad ./Core/Src/stm32f1xx_hal_msp.o
 .debug_macro   0x00016aa1      0x1b7 ./Core/Src/stm32f1xx_it.o
 .debug_macro   0x00016c58      0x1a3 ./Core/Src/system_stm32f1xx.o
 .debug_macro   0x00016dfb      0x1b7 ./Core/Src/tim.o
 .debug_macro   0x00016fb2      0x1b7 ./Core/Src/usart.o
 .debug_macro   0x00017169      0x1c7 ./Drivers/STM32F1xx_HAL_Driver/Src/stm32f1xx_hal.o
 .debug_macro   0x00017330      0x1a3 ./Drivers/STM32F1xx_HAL_Driver/Src/stm32f1xx_hal_cortex.o
 .debug_macro   0x000174d3      0x1a3 ./Drivers/STM32F1xx_HAL_Driver/Src/stm32f1xx_hal_dma.o
 .debug_macro   0x00017676      0x20e ./Drivers/STM32F1xx_HAL_Driver/Src/stm32f1xx_hal_gpio.o
 .debug_macro   0x00017884      0x1b5 ./Drivers/STM32F1xx_HAL_Driver/Src/stm32f1xx_hal_rcc.o
 .debug_macro   0x00017a39      0x1a4 ./Drivers/STM32F1xx_HAL_Driver/Src/stm32f1xx_hal_tim.o
 .debug_macro   0x00017bdd      0x1a3 ./Drivers/STM32F1xx_HAL_Driver/Src/stm32f1xx_hal_tim_ex.o
 .debug_macro   0x00017d80      0x1a4 ./Drivers/STM32F1xx_HAL_Driver/Src/stm32f1xx_hal_uart.o
 .debug_macro   0x00017f24      0x291 ./Lib/Src/command.o
 .debug_macro   0x000181b5      0x1d9 ./Lib/Src/ws2812.o

.debug_line     0x00000000    0x10547
 .debug_line    0x00000000      0x8d5 ./App/Src/task_light.o
 .debug_line    0x000008d5      0x6f8 ./Core/Src/dma.o
 .debug_line    0x00000fcd      0x6fa ./Core/Src/gpio.o
 .debug_line    0x000016c7      0x957 ./Core/Src/main.o
 .debug_line    0x0000201e      0x6fd ./Core/Src/stm32f1xx_hal_msp.o
 .debug_line    0x0000271b      0x7db ./Core/Src/stm32f1xx_it.o
 .debug_line    0x00002ef6      0x77b ./Core/Src/system_stm32f1xx.o
 .debug_line    0x00003671      0x7f3 ./Core/Src/tim.o
 .debug_line    0x00003e64      0x773 ./Core/Src/usart.o
 .debug_line    0x000045d7       0x78 ./Core/Startup/startup_stm32f103c8tx.o
 .debug_line    0x0000464f      0x9ac ./Drivers/STM32F1xx_HAL_Driver/Src/stm32f1xx_hal.o
 .debug_line    0x00004ffb      0xb76 ./Drivers/STM32F1xx_HAL_Driver/Src/stm32f1xx_hal_cortex.o
 .debug_line    0x00005b71      0xdb6 ./Drivers/STM32F1xx_HAL_Driver/Src/stm32f1xx_hal_dma.o
 .debug_line    0x00006927      0xa09 ./Drivers/STM32F1xx_HAL_Driver/Src/stm32f1xx_hal_gpio.o
 .debug_line    0x00007330      0xe65 ./Drivers/STM32F1xx_HAL_Driver/Src/stm32f1xx_hal_rcc.o
 .debug_line    0x00008195     0x349a ./Drivers/STM32F1xx_HAL_Driver/Src/stm32f1xx_hal_tim.o
 .debug_line    0x0000b62f     0x1870 ./Drivers/STM32F1xx_HAL_Driver/Src/stm32f1xx_hal_tim_ex.o
 .debug_line    0x0000ce9f     0x24c8 ./Drivers/STM32F1xx_HAL_Driver/Src/stm32f1xx_hal_uart.o
 .debug_line    0x0000f367      0x9bb ./Lib/Src/command.o
 .debug_line    0x0000fd22      0x825 ./Lib/Src/ws2812.o

.debug_str      0x00000000    0x89cf9
 .debug_str     0x00000000    0x89cf9 ./App/Src/task_light.o
                              0x86958 (size before relaxing)
 .debug_str     0x00089cf9    0x83a2c ./Core/Src/dma.o
 .debug_str     0x00089cf9    0x83728 ./Core/Src/gpio.o
 .debug_str     0x00089cf9    0x86f6a ./Core/Src/main.o
 .debug_str     0x00089cf9    0x83756 ./Core/Src/stm32f1xx_hal_msp.o
 .debug_str     0x00089cf9    0x83be5 ./Core/Src/stm32f1xx_it.o
 .debug_str     0x00089cf9    0x83781 ./Core/Src/system_stm32f1xx.o
 .debug_str     0x00089cf9    0x83ecc ./Core/Src/tim.o
 .debug_str     0x00089cf9    0x83f31 ./Core/Src/usart.o
 .debug_str     0x00089cf9       0x62 ./Core/Startup/startup_stm32f103c8tx.o
 .debug_str     0x00089cf9    0x83eb4 ./Drivers/STM32F1xx_HAL_Driver/Src/stm32f1xx_hal.o
 .debug_str     0x00089cf9    0x83e00 ./Drivers/STM32F1xx_HAL_Driver/Src/stm32f1xx_hal_cortex.o
 .debug_str     0x00089cf9    0x83b2a ./Drivers/STM32F1xx_HAL_Driver/Src/stm32f1xx_hal_dma.o
 .debug_str     0x00089cf9    0x83b07 ./Drivers/STM32F1xx_HAL_Driver/Src/stm32f1xx_hal_gpio.o
 .debug_str     0x00089cf9    0x83bb0 ./Drivers/STM32F1xx_HAL_Driver/Src/stm32f1xx_hal_rcc.o
 .debug_str     0x00089cf9    0x84bb2 ./Drivers/STM32F1xx_HAL_Driver/Src/stm32f1xx_hal_tim.o
 .debug_str     0x00089cf9    0x843be ./Drivers/STM32F1xx_HAL_Driver/Src/stm32f1xx_hal_tim_ex.o
 .debug_str     0x00089cf9    0x84221 ./Drivers/STM32F1xx_HAL_Driver/Src/stm32f1xx_hal_uart.o
 .debug_str     0x00089cf9    0x86999 ./Lib/Src/command.o
 .debug_str     0x00089cf9    0x83c8a ./Lib/Src/ws2812.o

.comment        0x00000000       0x43
 .comment       0x00000000       0x43 ./App/Src/task_light.o
                                 0x44 (size before relaxing)
 .comment       0x00000043       0x44 ./Core/Src/dma.o
 .comment       0x00000043       0x44 ./Core/Src/gpio.o
 .comment       0x00000043       0x44 ./Core/Src/main.o
 .comment       0x00000043       0x44 ./Core/Src/stm32f1xx_hal_msp.o
 .comment       0x00000043       0x44 ./Core/Src/stm32f1xx_it.o
 .comment       0x00000043       0x44 ./Core/Src/system_stm32f1xx.o
 .comment       0x00000043       0x44 ./Core/Src/tim.o
 .comment       0x00000043       0x44 ./Core/Src/usart.o
 .comment       0x00000043       0x44 ./Drivers/STM32F1xx_HAL_Driver/Src/stm32f1xx_hal.o
 .comment       0x00000043       0x44 ./Drivers/STM32F1xx_HAL_Driver/Src/stm32f1xx_hal_cortex.o
 .comment       0x00000043       0x44 ./Drivers/STM32F1xx_HAL_Driver/Src/stm32f1xx_hal_dma.o
 .comment       0x00000043       0x44 ./Drivers/STM32F1xx_HAL_Driver/Src/stm32f1xx_hal_gpio.o
 .comment       0x00000043       0x44 ./Drivers/STM32F1xx_HAL_Driver/Src/stm32f1xx_hal_rcc.o
 .comment       0x00000043       0x44 ./Drivers/STM32F1xx_HAL_Driver/Src/stm32f1xx_hal_tim.o
 .comment       0x00000043       0x44 ./Drivers/STM32F1xx_HAL_Driver/Src/stm32f1xx_hal_tim_ex.o
 .comment       0x00000043       0x44 ./Drivers/STM32F1xx_HAL_Driver/Src/stm32f1xx_hal_uart.o
 .comment       0x00000043       0x44 ./Lib/Src/command.o
 .comment       0x00000043       0x44 ./Lib/Src/ws2812.o

.debug_frame    0x00000000     0x33e8
 .debug_frame   0x00000000       0x38 ./App/Src/task_light.o
 .debug_frame   0x00000038       0x34 ./Core/Src/dma.o
 .debug_frame   0x0000006c       0x38 ./Core/Src/gpio.o
 .debug_frame   0x000000a4       0x8c ./Core/Src/main.o
 .debug_frame   0x00000130       0x38 ./Core/Src/stm32f1xx_hal_msp.o
 .debug_frame   0x00000168      0x13c ./Core/Src/stm32f1xx_it.o
 .debug_frame   0x000002a4       0x58 ./Core/Src/system_stm32f1xx.o
 .debug_frame   0x000002fc       0xa0 ./Core/Src/tim.o
 .debug_frame   0x0000039c       0x74 ./Core/Src/usart.o
 .debug_frame   0x00000410      0x334 ./Drivers/STM32F1xx_HAL_Driver/Src/stm32f1xx_hal.o
 .debug_frame   0x00000744      0x428 ./Drivers/STM32F1xx_HAL_Driver/Src/stm32f1xx_hal_cortex.o
 .debug_frame   0x00000b6c      0x208 ./Drivers/STM32F1xx_HAL_Driver/Src/stm32f1xx_hal_dma.o
 .debug_frame   0x00000d74      0x14c ./Drivers/STM32F1xx_HAL_Driver/Src/stm32f1xx_hal_gpio.o
 .debug_frame   0x00000ec0      0x218 ./Drivers/STM32F1xx_HAL_Driver/Src/stm32f1xx_hal_rcc.o
 .debug_frame   0x000010d8     0x11b8 ./Drivers/STM32F1xx_HAL_Driver/Src/stm32f1xx_hal_tim.o
 .debug_frame   0x00002290      0x638 ./Drivers/STM32F1xx_HAL_Driver/Src/stm32f1xx_hal_tim_ex.o
 .debug_frame   0x000028c8      0x944 ./Drivers/STM32F1xx_HAL_Driver/Src/stm32f1xx_hal_uart.o
 .debug_frame   0x0000320c       0xe8 ./Lib/Src/command.o
 .debug_frame   0x000032f4       0x80 ./Lib/Src/ws2812.o
 .debug_frame   0x00003374       0x20 C:/ST/STM32CubeIDE_1.19.0/STM32CubeIDE/plugins/com.st.stm32cube.ide.mcu.externaltools.gnu-tools-for-stm32.13.3.rel1.win32_1.0.0.202411081344/tools/bin/../lib/gcc/arm-none-eabi/13.3.1/../../../../arm-none-eabi/lib/thumb/v7-m/nofp\libc_nano.a(libc_a-memset.o)
 .debug_frame   0x00003394       0x2c C:/ST/STM32CubeIDE_1.19.0/STM32CubeIDE/plugins/com.st.stm32cube.ide.mcu.externaltools.gnu-tools-for-stm32.13.3.rel1.win32_1.0.0.202411081344/tools/bin/../lib/gcc/arm-none-eabi/13.3.1/../../../../arm-none-eabi/lib/thumb/v7-m/nofp\libc_nano.a(libc_a-init.o)
 .debug_frame   0x000033c0       0x28 C:/ST/STM32CubeIDE_1.19.0/STM32CubeIDE/plugins/com.st.stm32cube.ide.mcu.externaltools.gnu-tools-for-stm32.13.3.rel1.win32_1.0.0.202411081344/tools/bin/../lib/gcc/arm-none-eabi/13.3.1/../../../../arm-none-eabi/lib/thumb/v7-m/nofp\libc_nano.a(libc_a-memcpy-stub.o)

.debug_line_str
                0x00000000       0x46
 .debug_line_str
                0x00000000       0x46 ./Core/Startup/startup_stm32f103c8tx.o
