19:44:07 **** Incremental Build of configuration Debug for project ADC_Scan ****
make -j32 all 
arm-none-eabi-gcc "../Core/Src/main.c" -mcpu=cortex-m3 -std=gnu11 -g3 -DDEBUG -DUSE_HAL_DRIVER -DSTM32F103xB -c -I../Core/Inc -I../Drivers/STM32F1xx_HAL_Driver/Inc/Legacy -I../Drivers/STM32F1xx_HAL_Driver/Inc -I../Drivers/CMSIS/Device/ST/STM32F1xx/Include -I../Drivers/CMSIS/Include -O0 -ffunction-sections -fdata-sections -Wall -fstack-usage -fcyclomatic-complexity -MMD -MP -MF"Core/Src/main.d" -MT"Core/Src/main.o" --specs=nano.specs -mfloat-abi=soft -mthumb -o "Core/Src/main.o"
../Core/Src/main.c: In function 'main':
../Core/Src/main.c:121:28: warning: passing argument 2 of 'HAL_ADC_Start_DMA' makes pointer from integer without a cast [-Wint-conversion]
  121 |  HAL_ADC_Start_DMA(&hadc1, (uint32_t)values, 4);
      |                            ^~~~~~~~~~~~~~~~
      |                            |
      |                            long unsigned int
In file included from ../Core/Inc/stm32f1xx_hal_conf.h:274,
                 from ../Drivers/STM32F1xx_HAL_Driver/Inc/stm32f1xx_hal.h:29,
                 from ../Core/Inc/main.h:30,
                 from ../Core/Src/main.c:20:
../Drivers/STM32F1xx_HAL_Driver/Inc/stm32f1xx_hal_adc.h:928:78: note: expected 'uint32_t *' {aka 'long unsigned int *'} but argument is of type 'long unsigned int'
  928 | HAL_StatusTypeDef       HAL_ADC_Start_DMA(ADC_HandleTypeDef* hadc, uint32_t* pData, uint32_t Length);
      |                                                                    ~~~~~~~~~~^~~~~
../Core/Src/main.c:147:46: warning: pointer targets in passing argument 2 of 'HAL_UART_Transmit' differ in signedness [-Wpointer-sign]
  147 |                   HAL_UART_Transmit(&huart2, message, strlen(message), HAL_MAX_DELAY);
      |                                              ^~~~~~~
      |                                              |
      |                                              char *
In file included from ../Core/Inc/stm32f1xx_hal_conf.h:338:
../Drivers/STM32F1xx_HAL_Driver/Inc/stm32f1xx_hal_uart.h:749:79: note: expected 'const uint8_t *' {aka 'const unsigned char *'} but argument is of type 'char *'
  749 | HAL_StatusTypeDef HAL_UART_Transmit(UART_HandleTypeDef *huart, const uint8_t *pData, uint16_t Size, uint32_t Timeout);
      |                                                                ~~~~~~~~~~~~~~~^~~~~
arm-none-eabi-gcc -o "ADC_Scan.elf" @"objects.list"   -mcpu=cortex-m3 -T"D:\STM32\ADC_Scan\STM32F103C8TX_FLASH.ld" --specs=nosys.specs -Wl,-Map="ADC_Scan.map" -Wl,--gc-sections -static --specs=nano.specs -mfloat-abi=soft -mthumb -u _printf_float -Wl,--start-group -lc -lm -Wl,--end-group
Finished building target: ADC_Scan.elf
 
arm-none-eabi-size  ADC_Scan.elf 
arm-none-eabi-objdump -h -S ADC_Scan.elf  > "ADC_Scan.list"
   text	   data	    bss	    dec	    hex	filename
  26616	    468	   2156	  29240	   7238	ADC_Scan.elf
Finished building: default.size.stdout
 
Finished building: ADC_Scan.list
 

19:44:08 Build Finished. 0 errors, 2 warnings. (took 609ms)

