12:26:59 **** Incremental Build of configuration Debug for project print ****
make -j32 all 
arm-none-eabi-gcc "../Core/Src/font.c" -mcpu=cortex-m3 -std=gnu11 -g3 -DDEBUG -DUSE_HAL_DRIVER -DSTM32F103xB -c -I../Core/Inc -I../Drivers/STM32F1xx_HAL_Driver/Inc/Legacy -I../Drivers/STM32F1xx_HAL_Driver/Inc -I../Drivers/CMSIS/Device/ST/STM32F1xx/Include -I../Drivers/CMSIS/Include -O0 -ffunction-sections -fdata-sections -Wall -fstack-usage -fcyclomatic-complexity -MMD -MP -MF"Core/Src/font.d" -MT"Core/Src/font.o" --specs=nano.specs -mfloat-abi=soft -mthumb -o "Core/Src/font.o"
arm-none-eabi-gcc "../Core/Src/main.c" -mcpu=cortex-m3 -std=gnu11 -g3 -DDEBUG -DUSE_HAL_DRIVER -DSTM32F103xB -c -I../Core/Inc -I../Drivers/STM32F1xx_HAL_Driver/Inc/Legacy -I../Drivers/STM32F1xx_HAL_Driver/Inc -I../Drivers/CMSIS/Device/ST/STM32F1xx/Include -I../Drivers/CMSIS/Include -O0 -ffunction-sections -fdata-sections -Wall -fstack-usage -fcyclomatic-complexity -MMD -MP -MF"Core/Src/main.d" -MT"Core/Src/main.o" --specs=nano.specs -mfloat-abi=soft -mthumb -o "Core/Src/main.o"
arm-none-eabi-gcc "../Core/Src/oled.c" -mcpu=cortex-m3 -std=gnu11 -g3 -DDEBUG -DUSE_HAL_DRIVER -DSTM32F103xB -c -I../Core/Inc -I../Drivers/STM32F1xx_HAL_Driver/Inc/Legacy -I../Drivers/STM32F1xx_HAL_Driver/Inc -I../Drivers/CMSIS/Device/ST/STM32F1xx/Include -I../Drivers/CMSIS/Include -O0 -ffunction-sections -fdata-sections -Wall -fstack-usage -fcyclomatic-complexity -MMD -MP -MF"Core/Src/oled.d" -MT"Core/Src/oled.o" --specs=nano.specs -mfloat-abi=soft -mthumb -o "Core/Src/oled.o"
arm-none-eabi-gcc -o "print.elf" @"objects.list"   -mcpu=cortex-m3 -T"D:\STM32\print\STM32F103C8TX_FLASH.ld" --specs=nosys.specs -Wl,-Map="print.map" -Wl,--gc-sections -static --specs=nano.specs -mfloat-abi=soft -mthumb -Wl,--start-group -lc -lm -Wl,--end-group
Finished building target: print.elf
 
arm-none-eabi-size  print.elf 
arm-none-eabi-objdump -h -S print.elf  > "print.list"
   text	   data	    bss	    dec	    hex	filename
   8992	     12	   2812	  11816	   2e28	print.elf
Finished building: default.size.stdout
 
Finished building: print.list
 

12:27:00 Build Finished. 0 errors, 0 warnings. (took 708ms)

