21:00:00 **** Incremental Build of configuration Debug for project RTC ****
make -j32 all 
arm-none-eabi-gcc "../Core/Src/kk_rtc.c" -mcpu=cortex-m3 -std=gnu11 -g3 -DDEBUG -DUSE_HAL_DRIVER -DSTM32F103xB -c -I../Core/Inc -I../Drivers/STM32F1xx_HAL_Driver/Inc/Legacy -I../Drivers/STM32F1xx_HAL_Driver/Inc -I../Drivers/CMSIS/Device/ST/STM32F1xx/Include -I../Drivers/CMSIS/Include -O0 -ffunction-sections -fdata-sections -Wall -fstack-usage -fcyclomatic-complexity -MMD -MP -MF"Core/Src/kk_rtc.d" -MT"Core/Src/kk_rtc.o" --specs=nano.specs -mfloat-abi=soft -mthumb -o "Core/Src/kk_rtc.o"
arm-none-eabi-gcc "../Core/Src/main.c" -mcpu=cortex-m3 -std=gnu11 -g3 -DDEBUG -DUSE_HAL_DRIVER -DSTM32F103xB -c -I../Core/Inc -I../Drivers/STM32F1xx_HAL_Driver/Inc/Legacy -I../Drivers/STM32F1xx_HAL_Driver/Inc -I../Drivers/CMSIS/Device/ST/STM32F1xx/Include -I../Drivers/CMSIS/Include -O0 -ffunction-sections -fdata-sections -Wall -fstack-usage -fcyclomatic-complexity -MMD -MP -MF"Core/Src/main.d" -MT"Core/Src/main.o" --specs=nano.specs -mfloat-abi=soft -mthumb -o "Core/Src/main.o"
arm-none-eabi-gcc "../Core/Src/rtc.c" -mcpu=cortex-m3 -std=gnu11 -g3 -DDEBUG -DUSE_HAL_DRIVER -DSTM32F103xB -c -I../Core/Inc -I../Drivers/STM32F1xx_HAL_Driver/Inc/Legacy -I../Drivers/STM32F1xx_HAL_Driver/Inc -I../Drivers/CMSIS/Device/ST/STM32F1xx/Include -I../Drivers/CMSIS/Include -O0 -ffunction-sections -fdata-sections -Wall -fstack-usage -fcyclomatic-complexity -MMD -MP -MF"Core/Src/rtc.d" -MT"Core/Src/rtc.o" --specs=nano.specs -mfloat-abi=soft -mthumb -o "Core/Src/rtc.o"
arm-none-eabi-gcc -o "RTC.elf" @"objects.list"   -mcpu=cortex-m3 -T"D:\STM32\RTC\STM32F103C8TX_FLASH.ld" --specs=nosys.specs -Wl,-Map="RTC.map" -Wl,--gc-sections -static --specs=nano.specs -mfloat-abi=soft -mthumb -Wl,--start-group -lc -lm -Wl,--end-group
Finished building target: RTC.elf
 
arm-none-eabi-size  RTC.elf 
arm-none-eabi-objdump -h -S RTC.elf  > "RTC.list"
   text	   data	    bss	    dec	    hex	filename
  21460	    208	   2040	  23708	   5c9c	RTC.elf
Finished building: default.size.stdout
 
Finished building: RTC.list
 

21:00:01 Build Finished. 0 errors, 0 warnings. (took 657ms)

