17:00:53 **** Incremental Build of configuration Debug for project TIM_Motor ****
make -j32 all 
arm-none-eabi-gcc "../Core/Src/main.c" -mcpu=cortex-m3 -std=gnu11 -g3 -DDEBUG -DUSE_HAL_DRIVER -DSTM32F103xB -c -I../Core/Inc -I../Drivers/STM32F1xx_HAL_Driver/Inc/Legacy -I../Drivers/STM32F1xx_HAL_Driver/Inc -I../Drivers/CMSIS/Device/ST/STM32F1xx/Include -I../Drivers/CMSIS/Include -O0 -ffunction-sections -fdata-sections -Wall -fstack-usage -fcyclomatic-complexity -MMD -MP -MF"Core/Src/main.d" -MT"Core/Src/main.o" --specs=nano.specs -mfloat-abi=soft -mthumb -o "Core/Src/main.o"
arm-none-eabi-gcc -o "TIM_Motor.elf" @"objects.list"   -mcpu=cortex-m3 -T"D:\STM32\TIM_Motor\STM32F103C8TX_FLASH.ld" --specs=nosys.specs -Wl,-Map="TIM_Motor.map" -Wl,--gc-sections -static --specs=nano.specs -mfloat-abi=soft -mthumb -Wl,--start-group -lc -lm -Wl,--end-group
Finished building target: TIM_Motor.elf
 
arm-none-eabi-size  TIM_Motor.elf 
arm-none-eabi-objdump -h -S TIM_Motor.elf  > "TIM_Motor.list"
   text	   data	    bss	    dec	    hex	filename
   9212	     12	   1716	  10940	   2abc	TIM_Motor.elf
Finished building: default.size.stdout
 
Finished building: TIM_Motor.list
 

17:00:54 Build Finished. 0 errors, 0 warnings. (took 554ms)

