15:26:06 **** Incremental Build of configuration Debug for project TIM_ExteralInput ****
make -j32 all 
arm-none-eabi-gcc "../Core/Src/tim.c" -mcpu=cortex-m3 -std=gnu11 -g3 -DDEBUG -DUSE_HAL_DRIVER -DSTM32F103xB -c -I../Core/Inc -I../Drivers/STM32F1xx_HAL_Driver/Inc/Legacy -I../Drivers/STM32F1xx_HAL_Driver/Inc -I../Drivers/CMSIS/Device/ST/STM32F1xx/Include -I../Drivers/CMSIS/Include -O0 -ffunction-sections -fdata-sections -Wall -fstack-usage -fcyclomatic-complexity -MMD -MP -MF"Core/Src/tim.d" -MT"Core/Src/tim.o" --specs=nano.specs -mfloat-abi=soft -mthumb -o "Core/Src/tim.o"
arm-none-eabi-gcc -o "TIM_ExteralInput.elf" @"objects.list"   -mcpu=cortex-m3 -T"D:\STM32\TIM_ExteralInput\STM32F103C8TX_FLASH.ld" --specs=nosys.specs -Wl,-Map="TIM_ExteralInput.map" -Wl,--gc-sections -static --specs=nano.specs -mfloat-abi=soft -mthumb -Wl,--start-group -lc -lm -Wl,--end-group
Finished building target: TIM_ExteralInput.elf
 
arm-none-eabi-size  TIM_ExteralInput.elf 
arm-none-eabi-objdump -h -S TIM_ExteralInput.elf  > "TIM_ExteralInput.list"
   text	   data	    bss	    dec	    hex	filename
  14776	     92	   3220	  18088	   46a8	TIM_ExteralInput.elf
Finished building: default.size.stdout
 
Finished building: TIM_ExteralInput.list
 

15:26:07 Build Finished. 0 errors, 0 warnings. (took 665ms)

