21:58:36 **** Incremental Build of configuration Debug for project TIM_Buzzer ****
make -j32 all 
arm-none-eabi-gcc "../Core/Src/main.c" -mcpu=cortex-m3 -std=gnu11 -g3 -DDEBUG -DUSE_HAL_DRIVER -DSTM32F103xB -c -I../Core/Inc -I../Drivers/STM32F1xx_HAL_Driver/Inc/Legacy -I../Drivers/STM32F1xx_HAL_Driver/Inc -I../Drivers/CMSIS/Device/ST/STM32F1xx/Include -I../Drivers/CMSIS/Include -O0 -ffunction-sections -fdata-sections -Wall -fstack-usage -fcyclomatic-complexity -MMD -MP -MF"Core/Src/main.d" -MT"Core/Src/main.o" --specs=nano.specs -mfloat-abi=soft -mthumb -o "Core/Src/main.o"
arm-none-eabi-gcc -o "TIM_Buzzer.elf" @"objects.list"   -mcpu=cortex-m3 -T"D:\STM32\TIM_Buzzer\STM32F103C8TX_FLASH.ld" --specs=nosys.specs -Wl,-Map="TIM_Buzzer.map" -Wl,--gc-sections -static --specs=nano.specs -mfloat-abi=soft -mthumb -Wl,--start-group -lc -lm -Wl,--end-group
Finished building target: TIM_Buzzer.elf
 
arm-none-eabi-size  TIM_Buzzer.elf 
arm-none-eabi-objdump -h -S TIM_Buzzer.elf  > "TIM_Buzzer.list"
   text	   data	    bss	    dec	    hex	filename
   8012	     12	   1644	   9668	   25c4	TIM_Buzzer.elf
Finished building: default.size.stdout
 
Finished building: TIM_Buzzer.list
 

21:58:37 Build Finished. 0 errors, 0 warnings. (took 549ms)

