17:47:51 **** Incremental Build of configuration Debug for project WS2821 ****
make -j32 all 
arm-none-eabi-gcc "../Core/Src/ws2812.c" -mcpu=cortex-m3 -std=gnu11 -g3 -DDEBUG -DUSE_HAL_DRIVER -DSTM32F103xB -c -I../Core/Inc -I../Drivers/STM32F1xx_HAL_Driver/Inc/Legacy -I../Drivers/STM32F1xx_HAL_Driver/Inc -I../Drivers/CMSIS/Device/ST/STM32F1xx/Include -I../Drivers/CMSIS/Include -O0 -ffunction-sections -fdata-sections -Wall -fstack-usage -fcyclomatic-complexity -MMD -MP -MF"Core/Src/ws2812.d" -MT"Core/Src/ws2812.o" --specs=nano.specs -mfloat-abi=soft -mthumb -o "Core/Src/ws2812.o"
arm-none-eabi-gcc -o "WS2821.elf" @"objects.list"   -mcpu=cortex-m3 -T"D:\STM32\WS2821\STM32F103C8TX_FLASH.ld" --specs=nosys.specs -Wl,-Map="WS2821.map" -Wl,--gc-sections -static --specs=nano.specs -mfloat-abi=soft -mthumb -Wl,--start-group -lc -lm -Wl,--end-group
Finished building target: WS2821.elf
 
arm-none-eabi-size  WS2821.elf 
arm-none-eabi-objdump -h -S WS2821.elf  > "WS2821.list"
   text	   data	    bss	    dec	    hex	filename
  10164	    544	   1712	  12420	   3084	WS2821.elf
Finished building: default.size.stdout
 
Finished building: WS2821.list
 

17:47:51 Build Finished. 0 errors, 0 warnings. (took 500ms)

